{
  service: 'attendance-system',
  method: 'GET',
  url: '/active?_t=1788593827897',
  statusCode: 404,
  duration: '21ms',
  ip: '127.0.0.1',
  level: 'info',
  message: 'Request',
  timestamp: '2026-09-05 13:07:07'
}
{
  service: 'attendance-system',
  method: 'POST',
  url: '/refresh',
  statusCode: 401,
  duration: '26ms',
  ip: '127.0.0.1',
  level: 'info',
  message: 'Request',
  timestamp: '2026-09-05 13:22:55'
}
{
  service: 'attendance-system',
  method: 'POST',
  url: '/refresh',
  statusCode: 401,
  duration: '1ms',
  ip: '127.0.0.1',
  level: 'info',
  message: 'Request',
  timestamp: '2026-09-05 13:22:55'
}
{
  service: 'attendance-system',
  method: 'POST',
  url: '/login',
  statusCode: 401,
  duration: '13ms',
  ip: '127.0.0.1',
  level: 'info',
  message: 'Request',
  timestamp: '2026-09-05 13:22:57'
}
{
  service: 'attendance-system',
  method: 'POST',
  url: '/refresh',
  statusCode: 401,
  duration: '1ms',
  ip: '127.0.0.1',
  level: 'info',
  message: 'Request',
  timestamp: '2026-09-05 13:26:41'
}
{
  service: 'attendance-system',
  method: 'POST',
  url: '/refresh',
  statusCode: 401,
  duration: '0ms',
  ip: '127.0.0.1',
  level: 'info',
  message: 'Request',
  timestamp: '2026-09-05 13:26:42'
}
{
  service: 'attendance-system',
  method: 'POST',
  url: '/refresh',
  statusCode: 401,
  duration: '4ms',
  ip: '127.0.0.1',
  level: 'info',
  message: 'Request',
  timestamp: '2026-09-05 13:55:06'
}
{
  service: 'attendance-system',
  method: 'POST',
  url: '/refresh',
  statusCode: 401,
  duration: '1ms',
  ip: '127.0.0.1',
  level: 'info',
  message: 'Request',
  timestamp: '2026-09-05 13:55:06'
}
{
  service: 'attendance-system',
  method: 'GET',
  url: '/analytics/monthly-context-settings',
  statusCode: 404,
  duration: '1ms',
  ip: '127.0.0.1',
  level: 'info',
  message: 'Request',
  timestamp: '2026-09-05 14:00:27'
}
{
  service: 'attendance-system',
  method: 'GET',
  url: '/analytics/monthly-context-settings',
  statusCode: 404,
  duration: '1ms',
  ip: '127.0.0.1',
  level: 'info',
  message: 'Request',
  timestamp: '2026-09-05 14:00:27'
}
{
  service: 'attendance-system',
  method: 'GET',
  url: '/analytics/monthly-context-settings',
  statusCode: 404,
  duration: '0ms',
  ip: '127.0.0.1',
  level: 'info',
  message: 'Request',
  timestamp: '2026-09-05 14:00:27'
}
{
  service: 'attendance-system',
  method: 'GET',
  url: '/analytics/monthly-context-settings',
  statusCode: 404,
  duration: '0ms',
  ip: '127.0.0.1',
  level: 'info',
  message: 'Request',
  timestamp: '2026-09-05 14:00:27'
}
{
  service: 'attendance-system',
  method: 'GET',
  url: '/analytics/monthly-context-settings',
  statusCode: 404,
  duration: '0ms',
  ip: '127.0.0.1',
  level: 'info',
  message: 'Request',
  timestamp: '2026-09-05 14:00:36'
}
{
  service: 'attendance-system',
  method: 'GET',
  url: '/analytics/monthly-context-settings',
  statusCode: 404,
  duration: '0ms',
  ip: '127.0.0.1',
  level: 'info',
  message: 'Request',
  timestamp: '2026-09-05 14:00:36'
}
{
  service: 'attendance-system',
  method: 'GET',
  url: '/analytics/monthly-context-settings',
  statusCode: 404,
  duration: '0ms',
  ip: '127.0.0.1',
  level: 'info',
  message: 'Request',
  timestamp: '2026-09-05 14:00:36'
}
{
  service: 'attendance-system',
  method: 'GET',
  url: '/analytics/monthly-context-settings',
  statusCode: 404,
  duration: '0ms',
  ip: '127.0.0.1',
  level: 'info',
  message: 'Request',
  timestamp: '2026-09-05 14:00:36'
}
{
  service: 'attendance-system',
  method: 'GET',
  url: '/analytics/monthly-context-settings',
  statusCode: 404,
  duration: '1ms',
  ip: '127.0.0.1',
  level: 'info',
  message: 'Request',
  timestamp: '2026-09-05 14:01:52'
}
{
  service: 'attendance-system',
  method: 'GET',
  url: '/analytics/monthly-context-settings',
  statusCode: 404,
  duration: '0ms',
  ip: '127.0.0.1',
  level: 'info',
  message: 'Request',
  timestamp: '2026-09-05 14:01:52'
}
{
  service: 'attendance-system',
  method: 'GET',
  url: '/analytics/monthly-context-settings',
  statusCode: 404,
  duration: '0ms',
  ip: '127.0.0.1',
  level: 'info',
  message: 'Request',
  timestamp: '2026-09-05 14:01:52'
}
{
  service: 'attendance-system',
  method: 'GET',
  url: '/analytics/monthly-context-settings',
  statusCode: 404,
  duration: '0ms',
  ip: '127.0.0.1',
  level: 'info',
  message: 'Request',
  timestamp: '2026-09-05 14:01:52'
}
{
  service: 'attendance-system',
  method: 'GET',
  url: '/analytics/monthly-context-settings',
  statusCode: 404,
  duration: '1ms',
  ip: '127.0.0.1',
  level: 'info',
  message: 'Request',
  timestamp: '2026-09-05 14:02:29'
}
{
  service: 'attendance-system',
  method: 'GET',
  url: '/analytics/monthly-context-settings',
  statusCode: 404,
  duration: '1ms',
  ip: '127.0.0.1',
  level: 'info',
  message: 'Request',
  timestamp: '2026-09-05 14:02:29'
}
{
  service: 'attendance-system',
  method: 'GET',
  url: '/analytics/monthly-context-settings',
  statusCode: 404,
  duration: '0ms',
  ip: '127.0.0.1',
  level: 'info',
  message: 'Request',
  timestamp: '2026-09-05 14:02:29'
}
{
  service: 'attendance-system',
  method: 'GET',
  url: '/analytics/monthly-context-settings',
  statusCode: 404,
  duration: '0ms',
  ip: '127.0.0.1',
  level: 'info',
  message: 'Request',
  timestamp: '2026-09-05 14:02:29'
}
{
  service: 'attendance-system',
  method: 'GET',
  url: '/analytics/monthly-context-settings',
  statusCode: 404,
  duration: '0ms',
  ip: '127.0.0.1',
  level: 'info',
  message: 'Request',
  timestamp: '2026-09-05 14:03:01'
}
{
  service: 'attendance-system',
  method: 'GET',
  url: '/analytics/monthly-context-settings',
  statusCode: 404,
  duration: '0ms',
  ip: '127.0.0.1',
  level: 'info',
  message: 'Request',
  timestamp: '2026-09-05 14:03:01'
}
{
  service: 'attendance-system',
  method: 'GET',
  url: '/analytics/monthly-context-settings',
  statusCode: 404,
  duration: '0ms',
  ip: '127.0.0.1',
  level: 'info',
  message: 'Request',
  timestamp: '2026-09-05 14:03:01'
}
{
  service: 'attendance-system',
  method: 'GET',
  url: '/analytics/monthly-context-settings',
  statusCode: 404,
  duration: '0ms',
  ip: '127.0.0.1',
  level: 'info',
  message: 'Request',
  timestamp: '2026-09-05 14:03:01'
}
{
  service: 'attendance-system',
  method: 'GET',
  url: '/analytics/monthly-context-settings',
  statusCode: 404,
  duration: '1ms',
  ip: '127.0.0.1',
  level: 'info',
  message: 'Request',
  timestamp: '2026-09-05 14:03:24'
}
{
  service: 'attendance-system',
  method: 'GET',
  url: '/analytics/monthly-context-settings',
  statusCode: 404,
  duration: '1ms',
  ip: '127.0.0.1',
  level: 'info',
  message: 'Request',
  timestamp: '2026-09-05 14:03:24'
}
{
  service: 'attendance-system',
  method: 'GET',
  url: '/analytics/monthly-context-settings',
  statusCode: 404,
  duration: '0ms',
  ip: '127.0.0.1',
  level: 'info',
  message: 'Request',
  timestamp: '2026-09-05 14:03:24'
}
{
  service: 'attendance-system',
  method: 'GET',
  url: '/analytics/monthly-context-settings',
  statusCode: 404,
  duration: '0ms',
  ip: '127.0.0.1',
  level: 'info',
  message: 'Request',
  timestamp: '2026-09-05 14:03:24'
}
{
  service: 'attendance-system',
  method: 'GET',
  url: '/analytics/monthly-context-settings',
  statusCode: 404,
  duration: '0ms',
  ip: '127.0.0.1',
  level: 'info',
  message: 'Request',
  timestamp: '2026-09-05 14:03:43'
}
{
  service: 'attendance-system',
  method: 'GET',
  url: '/analytics/monthly-context-settings',
  statusCode: 404,
  duration: '1ms',
  ip: '127.0.0.1',
  level: 'info',
  message: 'Request',
  timestamp: '2026-09-05 14:03:43'
}
{
  service: 'attendance-system',
  method: 'GET',
  url: '/analytics/monthly-context-settings',
  statusCode: 404,
  duration: '0ms',
  ip: '127.0.0.1',
  level: 'info',
  message: 'Request',
  timestamp: '2026-09-05 14:03:43'
}
{
  service: 'attendance-system',
  method: 'GET',
  url: '/analytics/monthly-context-settings',
  statusCode: 404,
  duration: '0ms',
  ip: '127.0.0.1',
  level: 'info',
  message: 'Request',
  timestamp: '2026-09-05 14:03:43'
}
{
  service: 'attendance-system',
  method: 'GET',
  url: '/analytics/monthly-context-settings',
  statusCode: 404,
  duration: '0ms',
  ip: '127.0.0.1',
  level: 'info',
  message: 'Request',
  timestamp: '2026-09-05 14:04:44'
}
{
  service: 'attendance-system',
  method: 'GET',
  url: '/analytics/monthly-context-settings',
  statusCode: 404,
  duration: '0ms',
  ip: '127.0.0.1',
  level: 'info',
  message: 'Request',
  timestamp: '2026-09-05 14:04:44'
}
{
  service: 'attendance-system',
  method: 'GET',
  url: '/analytics/monthly-context-settings',
  statusCode: 404,
  duration: '0ms',
  ip: '127.0.0.1',
  level: 'info',
  message: 'Request',
  timestamp: '2026-09-05 14:05:00'
}
{
  service: 'attendance-system',
  method: 'GET',
  url: '/analytics/monthly-context-settings',
  statusCode: 404,
  duration: '0ms',
  ip: '127.0.0.1',
  level: 'info',
  message: 'Request',
  timestamp: '2026-09-05 14:05:00'
}
{
  service: 'attendance-system',
  method: 'GET',
  url: '/analytics/monthly-context-settings',
  statusCode: 404,
  duration: '0ms',
  ip: '127.0.0.1',
  level: 'info',
  message: 'Request',
  timestamp: '2026-09-05 14:05:03'
}
{
  service: 'attendance-system',
  method: 'GET',
  url: '/analytics/monthly-context-settings',
  statusCode: 404,
  duration: '0ms',
  ip: '127.0.0.1',
  level: 'info',
  message: 'Request',
  timestamp: '2026-09-05 14:05:03'
}
{
  service: 'attendance-system',
  method: 'GET',
  url: '/analytics/monthly-context-settings',
  statusCode: 404,
  duration: '0ms',
  ip: '127.0.0.1',
  level: 'info',
  message: 'Request',
  timestamp: '2026-09-05 14:06:34'
}
{
  service: 'attendance-system',
  method: 'GET',
  url: '/analytics/monthly-context-settings',
  statusCode: 404,
  duration: '1ms',
  ip: '127.0.0.1',
  level: 'info',
  message: 'Request',
  timestamp: '2026-09-05 14:06:34'
}
{
  service: 'attendance-system',
  method: 'GET',
  url: '/analytics/monthly-context-settings',
  statusCode: 404,
  duration: '1ms',
  ip: '127.0.0.1',
  level: 'info',
  message: 'Request',
  timestamp: '2026-09-05 14:18:27'
}
{
  service: 'attendance-system',
  method: 'GET',
  url: '/analytics/monthly-context-settings',
  statusCode: 404,
  duration: '2ms',
  ip: '127.0.0.1',
  level: 'info',
  message: 'Request',
  timestamp: '2026-09-05 14:18:27'
}
{
  service: 'attendance-system',
  method: 'GET',
  url: '/analytics/monthly-context-settings',
  statusCode: 404,
  duration: '2ms',
  ip: '127.0.0.1',
  level: 'info',
  message: 'Request',
  timestamp: '2026-09-05 14:18:55'
}
{
  service: 'attendance-system',
  method: 'GET',
  url: '/analytics/monthly-context-settings',
  statusCode: 404,
  duration: '2ms',
  ip: '127.0.0.1',
  level: 'info',
  message: 'Request',
  timestamp: '2026-09-05 14:18:56'
}
{
  service: 'attendance-system',
  method: 'GET',
  url: '/analytics/monthly-context-settings',
  statusCode: 404,
  duration: '1ms',
  ip: '127.0.0.1',
  level: 'info',
  message: 'Request',
  timestamp: '2026-09-05 14:18:56'
}
{
  service: 'attendance-system',
  method: 'GET',
  url: '/analytics/monthly-context-settings',
  statusCode: 404,
  duration: '1ms',
  ip: '127.0.0.1',
  level: 'info',
  message: 'Request',
  timestamp: '2026-09-05 14:18:56'
}
{
  service: 'attendance-system',
  method: 'GET',
  url: '/analytics/monthly-context-settings',
  statusCode: 404,
  duration: '0ms',
  ip: '127.0.0.1',
  level: 'info',
  message: 'Request',
  timestamp: '2026-09-05 14:24:27'
}
{
  service: 'attendance-system',
  method: 'GET',
  url: '/analytics/monthly-context-settings',
  statusCode: 404,
  duration: '1ms',
  ip: '127.0.0.1',
  level: 'info',
  message: 'Request',
  timestamp: '2026-09-05 14:24:27'
}
{
  service: 'attendance-system',
  method: 'GET',
  url: '/analytics/monthly-context-settings',
  statusCode: 404,
  duration: '1ms',
  ip: '127.0.0.1',
  level: 'info',
  message: 'Request',
  timestamp: '2026-09-05 14:28:38'
}
{
  service: 'attendance-system',
  method: 'GET',
  url: '/analytics/monthly-context-settings',
  statusCode: 404,
  duration: '0ms',
  ip: '127.0.0.1',
  level: 'info',
  message: 'Request',
  timestamp: '2026-09-05 14:28:38'
}
{
  service: 'attendance-system',
  method: 'GET',
  url: '/analytics/monthly-context-settings',
  statusCode: 404,
  duration: '1ms',
  ip: '127.0.0.1',
  level: 'info',
  message: 'Request',
  timestamp: '2026-09-05 14:28:38'
}
{
  service: 'attendance-system',
  method: 'GET',
  url: '/analytics/monthly-context-settings',
  statusCode: 404,
  duration: '0ms',
  ip: '127.0.0.1',
  level: 'info',
  message: 'Request',
  timestamp: '2026-09-05 14:28:38'
}
{
  service: 'attendance-system',
  method: 'GET',
  url: '/analytics/monthly-context-settings',
  statusCode: 404,
  duration: '3ms',
  ip: '127.0.0.1',
  level: 'info',
  message: 'Request',
  timestamp: '2026-09-05 14:29:46'
}
{
  service: 'attendance-system',
  method: 'GET',
  url: '/analytics/monthly-context-settings',
  statusCode: 404,
  duration: '1ms',
  ip: '127.0.0.1',
  level: 'info',
  message: 'Request',
  timestamp: '2026-09-05 14:29:46'
}
{
  service: 'attendance-system',
  method: 'GET',
  url: '/analytics/monthly-context-settings',
  statusCode: 404,
  duration: '1ms',
  ip: '127.0.0.1',
  level: 'info',
  message: 'Request',
  timestamp: '2026-09-05 14:29:49'
}
{
  service: 'attendance-system',
  method: 'GET',
  url: '/analytics/monthly-context-settings',
  statusCode: 404,
  duration: '0ms',
  ip: '127.0.0.1',
  level: 'info',
  message: 'Request',
  timestamp: '2026-09-05 14:29:49'
}
{
  service: 'attendance-system',
  method: 'GET',
  url: '/analytics/monthly-context-settings',
  statusCode: 404,
  duration: '1ms',
  ip: '127.0.0.1',
  level: 'info',
  message: 'Request',
  timestamp: '2026-09-05 14:29:49'
}
{
  service: 'attendance-system',
  method: 'GET',
  url: '/analytics/monthly-context-settings',
  statusCode: 404,
  duration: '1ms',
  ip: '127.0.0.1',
  level: 'info',
  message: 'Request',
  timestamp: '2026-09-05 14:29:49'
}
{
  service: 'attendance-system',
  method: 'GET',
  url: '/leaves/year-end-requests?employeeId=6a9bd03b2ad475ed1403b102&year=2025',
  statusCode: 400,
  duration: '3ms',
  ip: '127.0.0.1',
  level: 'info',
  message: 'Request',
  timestamp: '2026-09-05 14:29:50'
}
{
  service: 'attendance-system',
  method: 'GET',
  url: '/leaves/year-end-requests?employeeId=6a9bd03b2ad475ed1403b102&year=2025',
  statusCode: 400,
  duration: '3ms',
  ip: '127.0.0.1',
  level: 'info',
  message: 'Request',
  timestamp: '2026-09-05 14:30:09'
}
{
  service: 'attendance-system',
  method: 'GET',
  url: '/leaves/year-end-requests?employeeId=6a9bd03b2ad475ed1403b102&year=2025',
  statusCode: 400,
  duration: '2ms',
  ip: '127.0.0.1',
  level: 'info',
  message: 'Request',
  timestamp: '2026-09-05 14:30:17'
}
{
  service: 'attendance-system',
  method: 'GET',
  url: '/analytics/monthly-context-settings',
  statusCode: 404,
  duration: '0ms',
  ip: '127.0.0.1',
  level: 'info',
  message: 'Request',
  timestamp: '2026-09-05 14:30:24'
}
{
  service: 'attendance-system',
  method: 'GET',
  url: '/analytics/monthly-context-settings',
  statusCode: 404,
  duration: '0ms',
  ip: '127.0.0.1',
  level: 'info',
  message: 'Request',
  timestamp: '2026-09-05 14:30:24'
}
{
  service: 'attendance-system',
  method: 'GET',
  url: '/analytics/monthly-context-settings',
  statusCode: 404,
  duration: '0ms',
  ip: '127.0.0.1',
  level: 'info',
  message: 'Request',
  timestamp: '2026-09-05 14:30:24'
}
{
  service: 'attendance-system',
  method: 'GET',
  url: '/analytics/monthly-context-settings',
  statusCode: 404,
  duration: '0ms',
  ip: '127.0.0.1',
  level: 'info',
  message: 'Request',
  timestamp: '2026-09-05 14:30:24'
}
{
  service: 'attendance-system',
  method: 'GET',
  url: '/leaves/year-end-requests?employeeId=6a9bd03b2ad475ed1403b102&year=2025',
  statusCode: 400,
  duration: '2ms',
  ip: '127.0.0.1',
  level: 'info',
  message: 'Request',
  timestamp: '2026-09-05 14:30:25'
}
{
  service: 'attendance-system',
  method: 'GET',
  url: '/analytics/monthly-context-settings',
  statusCode: 404,
  duration: '1ms',
  ip: '127.0.0.1',
  level: 'info',
  message: 'Request',
  timestamp: '2026-09-05 14:30:27'
}
{
  service: 'attendance-system',
  method: 'GET',
  url: '/analytics/monthly-context-settings',
  statusCode: 404,
  duration: '0ms',
  ip: '127.0.0.1',
  level: 'info',
  message: 'Request',
  timestamp: '2026-09-05 14:30:27'
}
{
  service: 'attendance-system',
  method: 'GET',
  url: '/analytics/monthly-context-settings',
  statusCode: 404,
  duration: '0ms',
  ip: '127.0.0.1',
  level: 'info',
  message: 'Request',
  timestamp: '2026-09-05 14:30:27'
}
{
  service: 'attendance-system',
  method: 'GET',
  url: '/analytics/monthly-context-settings',
  statusCode: 404,
  duration: '1ms',
  ip: '127.0.0.1',
  level: 'info',
  message: 'Request',
  timestamp: '2026-09-05 14:30:27'
}
{
  service: 'attendance-system',
  method: 'GET',
  url: '/leaves/year-end-requests?employeeId=6a9bd03b2ad475ed1403b125&year=2025',
  statusCode: 400,
  duration: '2ms',
  ip: '127.0.0.1',
  level: 'info',
  message: 'Request',
  timestamp: '2026-09-05 14:30:29'
}
{
  service: 'attendance-system',
  method: 'GET',
  url: '/leaves/year-end-requests?employeeId=6a9bd03b2ad475ed1403b125&year=2025',
  statusCode: 400,
  duration: '1ms',
  ip: '127.0.0.1',
  level: 'info',
  message: 'Request',
  timestamp: '2026-09-05 14:32:26'
}
{
  service: 'attendance-system',
  method: 'GET',
  url: '/leaves/year-end-requests?employeeId=6a9bd03b2ad475ed1403b125&year=2025',
  statusCode: 400,
  duration: '1ms',
  ip: '127.0.0.1',
  level: 'info',
  message: 'Request',
  timestamp: '2026-09-05 14:32:36'
}
{
  service: 'attendance-system',
  method: 'GET',
  url: '/analytics/monthly-context-settings',
  statusCode: 404,
  duration: '1ms',
  ip: '127.0.0.1',
  level: 'info',
  message: 'Request',
  timestamp: '2026-09-05 14:34:23'
}
{
  service: 'attendance-system',
  method: 'GET',
  url: '/analytics/monthly-context-settings',
  statusCode: 404,
  duration: '1ms',
  ip: '127.0.0.1',
  level: 'info',
  message: 'Request',
  timestamp: '2026-09-05 14:34:23'
}
{
  service: 'attendance-system',
  method: 'GET',
  url: '/analytics/monthly-context-settings',
  statusCode: 404,
  duration: '1ms',
  ip: '127.0.0.1',
  level: 'info',
  message: 'Request',
  timestamp: '2026-09-05 14:34:23'
}
{
  service: 'attendance-system',
  method: 'GET',
  url: '/analytics/monthly-context-settings',
  statusCode: 404,
  duration: '0ms',
  ip: '127.0.0.1',
  level: 'info',
  message: 'Request',
  timestamp: '2026-09-05 14:34:23'
}
{
  service: 'attendance-system',
  method: 'GET',
  url: '/analytics/monthly-context-settings',
  statusCode: 404,
  duration: '0ms',
  ip: '127.0.0.1',
  level: 'info',
  message: 'Request',
  timestamp: '2026-09-05 14:36:19'
}
{
  service: 'attendance-system',
  method: 'GET',
  url: '/analytics/monthly-context-settings',
  statusCode: 404,
  duration: '0ms',
  ip: '127.0.0.1',
  level: 'info',
  message: 'Request',
  timestamp: '2026-09-05 14:36:19'
}
{
  service: 'attendance-system',
  method: 'GET',
  url: '/analytics/monthly-context-settings',
  statusCode: 404,
  duration: '0ms',
  ip: '127.0.0.1',
  level: 'info',
  message: 'Request',
  timestamp: '2026-09-05 14:36:19'
}
{
  service: 'attendance-system',
  method: 'GET',
  url: '/analytics/monthly-context-settings',
  statusCode: 404,
  duration: '0ms',
  ip: '127.0.0.1',
  level: 'info',
  message: 'Request',
  timestamp: '2026-09-05 14:36:19'
}
{
  service: 'attendance-system',
  method: 'GET',
  url: '/analytics/monthly-context-settings',
  statusCode: 404,
  duration: '0ms',
  ip: '127.0.0.1',
  level: 'info',
  message: 'Request',
  timestamp: '2026-09-05 14:37:24'
}
{
  service: 'attendance-system',
  method: 'GET',
  url: '/analytics/monthly-context-settings',
  statusCode: 404,
  duration: '1ms',
  ip: '127.0.0.1',
  level: 'info',
  message: 'Request',
  timestamp: '2026-09-05 14:37:24'
}
{
  service: 'attendance-system',
  method: 'GET',
  url: '/analytics/monthly-context-settings',
  statusCode: 404,
  duration: '0ms',
  ip: '127.0.0.1',
  level: 'info',
  message: 'Request',
  timestamp: '2026-09-05 14:37:24'
}
{
  service: 'attendance-system',
  method: 'GET',
  url: '/analytics/monthly-context-settings',
  statusCode: 404,
  duration: '0ms',
  ip: '127.0.0.1',
  level: 'info',
  message: 'Request',
  timestamp: '2026-09-05 14:37:24'
}
{
  service: 'attendance-system',
  method: 'GET',
  url: '/analytics/monthly-context-settings',
  statusCode: 404,
  duration: '0ms',
  ip: '127.0.0.1',
  level: 'info',
  message: 'Request',
  timestamp: '2026-09-05 14:37:25'
}
{
  service: 'attendance-system',
  method: 'GET',
  url: '/analytics/monthly-context-settings',
  statusCode: 404,
  duration: '0ms',
  ip: '127.0.0.1',
  level: 'info',
  message: 'Request',
  timestamp: '2026-09-05 14:37:25'
}
{
  service: 'attendance-system',
  method: 'GET',
  url: '/analytics/monthly-context-settings',
  statusCode: 404,
  duration: '0ms',
  ip: '127.0.0.1',
  level: 'info',
  message: 'Request',
  timestamp: '2026-09-05 14:37:30'
}
{
  service: 'attendance-system',
  method: 'GET',
  url: '/analytics/monthly-context-settings',
  statusCode: 404,
  duration: '0ms',
  ip: '127.0.0.1',
  level: 'info',
  message: 'Request',
  timestamp: '2026-09-05 14:37:30'
}
{
  service: 'attendance-system',
  method: 'GET',
  url: '/analytics/monthly-context-settings',
  statusCode: 404,
  duration: '0ms',
  ip: '127.0.0.1',
  level: 'info',
  message: 'Request',
  timestamp: '2026-09-05 14:37:30'
}
{
  service: 'attendance-system',
  method: 'GET',
  url: '/analytics/monthly-context-settings',
  statusCode: 404,
  duration: '0ms',
  ip: '127.0.0.1',
  level: 'info',
  message: 'Request',
  timestamp: '2026-09-05 14:37:30'
}
{
  service: 'attendance-system',
  method: 'GET',
  url: '/analytics/monthly-context-settings',
  statusCode: 404,
  duration: '0ms',
  ip: '127.0.0.1',
  level: 'info',
  message: 'Request',
  timestamp: '2026-09-05 14:37:43'
}
{
  service: 'attendance-system',
  method: 'GET',
  url: '/analytics/monthly-context-settings',
  statusCode: 404,
  duration: '0ms',
  ip: '127.0.0.1',
  level: 'info',
  message: 'Request',
  timestamp: '2026-09-05 14:37:43'
}
{
  service: 'attendance-system',
  method: 'GET',
  url: '/analytics/monthly-context-settings',
  statusCode: 404,
  duration: '0ms',
  ip: '127.0.0.1',
  level: 'info',
  message: 'Request',
  timestamp: '2026-09-05 14:37:43'
}
{
  service: 'attendance-system',
  method: 'GET',
  url: '/analytics/monthly-context-settings',
  statusCode: 404,
  duration: '0ms',
  ip: '127.0.0.1',
  level: 'info',
  message: 'Request',
  timestamp: '2026-09-05 14:37:43'
}
{
  service: 'attendance-system',
  method: 'GET',
  url: '/analytics/monthly-context-settings',
  statusCode: 404,
  duration: '0ms',
  ip: '127.0.0.1',
  level: 'info',
  message: 'Request',
  timestamp: '2026-09-05 16:21:43'
}
{
  service: 'attendance-system',
  method: 'GET',
  url: '/analytics/monthly-context-settings',
  statusCode: 404,
  duration: '0ms',
  ip: '127.0.0.1',
  level: 'info',
  message: 'Request',
  timestamp: '2026-09-05 16:21:43'
}
{
  service: 'attendance-system',
  method: 'GET',
  url: '/analytics/monthly-context-settings',
  statusCode: 404,
  duration: '0ms',
  ip: '127.0.0.1',
  level: 'info',
  message: 'Request',
  timestamp: '2026-09-05 16:21:43'
}
{
  service: 'attendance-system',
  method: 'GET',
  url: '/analytics/monthly-context-settings',
  statusCode: 404,
  duration: '0ms',
  ip: '127.0.0.1',
  level: 'info',
  message: 'Request',
  timestamp: '2026-09-05 16:21:43'
}
{
  service: 'attendance-system',
  method: 'GET',
  url: '/admin/contracts?page=1&limit=15&_t=1788605544334',
  statusCode: 404,
  duration: '0ms',
  ip: '127.0.0.1',
  level: 'info',
  message: 'Request',
  timestamp: '2026-09-05 16:22:24'
}
{
  service: 'attendance-system',
  method: 'GET',
  url: '/admin/contracts?page=1&limit=15&_t=1788605544334',
  statusCode: 404,
  duration: '0ms',
  ip: '127.0.0.1',
  level: 'info',
  message: 'Request',
  timestamp: '2026-09-05 16:22:24'
}
{
  service: 'attendance-system',
  method: 'GET',
  url: '/admin/contracts?page=1&limit=15&status=Draft&_t=1788605546992',
  statusCode: 404,
  duration: '0ms',
  ip: '127.0.0.1',
  level: 'info',
  message: 'Request',
  timestamp: '2026-09-05 16:22:26'
}
{
  service: 'attendance-system',
  method: 'GET',
  url: '/salary-structures?_t=1788605667839',
  statusCode: 404,
  duration: '1ms',
  ip: '127.0.0.1',
  level: 'info',
  message: 'Request',
  timestamp: '2026-09-05 16:24:27'
}
{
  service: 'attendance-system',
  method: 'GET',
  url: '/salary-structures?_t=1788605670848',
  statusCode: 404,
  duration: '0ms',
  ip: '127.0.0.1',
  level: 'info',
  message: 'Request',
  timestamp: '2026-09-05 16:24:30'
}
{
  service: 'attendance-system',
  method: 'GET',
  url: '/analytics/monthly-context-settings',
  statusCode: 404,
  duration: '0ms',
  ip: '127.0.0.1',
  level: 'info',
  message: 'Request',
  timestamp: '2026-09-05 16:24:41'
}
{
  service: 'attendance-system',
  method: 'GET',
  url: '/analytics/monthly-context-settings',
  statusCode: 404,
  duration: '1ms',
  ip: '127.0.0.1',
  level: 'info',
  message: 'Request',
  timestamp: '2026-09-05 16:24:41'
}
{
  service: 'attendance-system',
  method: 'GET',
  url: '/analytics/monthly-context-settings',
  statusCode: 404,
  duration: '0ms',
  ip: '127.0.0.1',
  level: 'info',
  message: 'Request',
  timestamp: '2026-09-05 16:24:41'
}
{
  service: 'attendance-system',
  method: 'GET',
  url: '/analytics/monthly-context-settings',
  statusCode: 404,
  duration: '1ms',
  ip: '127.0.0.1',
  level: 'info',
  message: 'Request',
  timestamp: '2026-09-05 16:24:41'
}
{
  service: 'attendance-system',
  method: 'GET',
  url: '/analytics/monthly-context-settings',
  statusCode: 404,
  duration: '1ms',
  ip: '127.0.0.1',
  level: 'info',
  message: 'Request',
  timestamp: '2026-09-05 16:24:44'
}
{
  service: 'attendance-system',
  method: 'GET',
  url: '/analytics/monthly-context-settings',
  statusCode: 404,
  duration: '0ms',
  ip: '127.0.0.1',
  level: 'info',
  message: 'Request',
  timestamp: '2026-09-05 16:24:44'
}
{
  service: 'attendance-system',
  method: 'GET',
  url: '/analytics/monthly-context-settings',
  statusCode: 404,
  duration: '0ms',
  ip: '127.0.0.1',
  level: 'info',
  message: 'Request',
  timestamp: '2026-09-05 16:24:44'
}
{
  service: 'attendance-system',
  method: 'GET',
  url: '/analytics/monthly-context-settings',
  statusCode: 404,
  duration: '0ms',
  ip: '127.0.0.1',
  level: 'info',
  message: 'Request',
  timestamp: '2026-09-05 16:24:44'
}
{
  service: 'attendance-system',
  method: 'POST',
  url: '/refresh',
  statusCode: 401,
  duration: '2ms',
  ip: '127.0.0.1',
  level: 'info',
  message: 'Request',
  timestamp: '2026-09-05 16:31:19'
}
{
  service: 'attendance-system',
  method: 'GET',
  url: '/active?_t=1788606080811',
  statusCode: 403,
  duration: '2ms',
  ip: '127.0.0.1',
  level: 'info',
  message: 'Request',
  timestamp: '2026-09-05 16:31:20'
}
{
  service: 'attendance-system',
  method: 'POST',
  url: '/clock-in',
  statusCode: 403,
  duration: '4ms',
  ip: '127.0.0.1',
  level: 'info',
  message: 'Request',
  timestamp: '2026-09-05 16:36:15'
}
{
  service: 'attendance-system',
  method: 'POST',
  url: '/refresh',
  statusCode: 401,
  duration: '0ms',
  ip: '127.0.0.1',
  level: 'info',
  message: 'Request',
  timestamp: '2026-09-05 16:36:33'
}
{
  service: 'attendance-system',
  method: 'POST',
  url: '/refresh',
  statusCode: 401,
  duration: '0ms',
  ip: '127.0.0.1',
  level: 'info',
  message: 'Request',
  timestamp: '2026-09-05 16:39:48'
}
{
  service: 'attendance-system',
  method: 'GET',
  url: '/active?_t=1788606591808',
  statusCode: 403,
  duration: '2ms',
  ip: '127.0.0.1',
  level: 'info',
  message: 'Request',
  timestamp: '2026-09-05 16:39:51'
}
{
  service: 'attendance-system',
  method: 'POST',
  url: '/refresh',
  statusCode: 401,
  duration: '0ms',
  ip: '127.0.0.1',
  level: 'info',
  message: 'Request',
  timestamp: '2026-09-05 16:39:57'
}
{
  service: 'attendance-system',
  method: 'POST',
  url: '/refresh',
  statusCode: 401,
  duration: '1ms',
  ip: '127.0.0.1',
  level: 'info',
  message: 'Request',
  timestamp: '2026-09-05 16:40:40'
}
{
  service: 'attendance-system',
  method: 'GET',
  url: '/active?_t=1788606644609',
  statusCode: 403,
  duration: '2ms',
  ip: '127.0.0.1',
  level: 'info',
  message: 'Request',
  timestamp: '2026-09-05 16:40:44'
}
{
  service: 'attendance-system',
  method: 'POST',
  url: '/refresh',
  statusCode: 401,
  duration: '1ms',
  ip: '127.0.0.1',
  level: 'info',
  message: 'Request',
  timestamp: '2026-09-05 16:42:19'
}
{
  service: 'attendance-system',
  method: 'GET',
  url: '/active?_t=1788607199799',
  statusCode: 401,
  duration: '0ms',
  ip: '127.0.0.1',
  level: 'info',
  message: 'Request',
  timestamp: '2026-09-05 16:49:59'
}
{
  service: 'attendance-system',
  method: 'POST',
  url: '/refresh',
  statusCode: 401,
  duration: '1ms',
  ip: '127.0.0.1',
  level: 'info',
  message: 'Request',
  timestamp: '2026-09-05 16:50:00'
}
{
  service: 'attendance-system',
  method: 'POST',
  url: '/refresh',
  statusCode: 401,
  duration: '1ms',
  ip: '127.0.0.1',
  level: 'info',
  message: 'Request',
  timestamp: '2026-09-05 16:50:14'
}
{
  service: 'attendance-system',
  method: 'GET',
  url: '/active?_t=1788607217479',
  statusCode: 403,
  duration: '1ms',
  ip: '127.0.0.1',
  level: 'info',
  message: 'Request',
  timestamp: '2026-09-05 16:50:17'
}
{
  service: 'attendance-system',
  method: 'GET',
  url: '/active?_t=1788607345154',
  statusCode: 401,
  duration: '0ms',
  ip: '127.0.0.1',
  level: 'info',
  message: 'Request',
  timestamp: '2026-09-05 16:52:25'
}
{
  service: 'attendance-system',
  method: 'POST',
  url: '/refresh',
  statusCode: 401,
  duration: '1ms',
  ip: '127.0.0.1',
  level: 'info',
  message: 'Request',
  timestamp: '2026-09-05 16:52:25'
}
{
  service: 'attendance-system',
  method: 'POST',
  url: '/refresh',
  statusCode: 401,
  duration: '1ms',
  ip: '127.0.0.1',
  level: 'info',
  message: 'Request',
  timestamp: '2026-09-05 16:57:34'
}
{
  service: 'attendance-system',
  message: 'Application Error Validation failed',
  stack: 'Error: Validation failed\n' +
    '    at handleValidationErrors (C:\\Users\\Rushikesh\\OneDrive\\Desktop\\Project\\Odoo_Final\\backend\\middleware\\validation.js:15:14)\n' +
    '    at Layer.handleRequest (C:\\Users\\Rushikesh\\OneDrive\\Desktop\\Project\\Odoo_Final\\backend\\node_modules\\router\\lib\\layer.js:152:17)\n' +
    '    at next (C:\\Users\\Rushikesh\\OneDrive\\Desktop\\Project\\Odoo_Final\\backend\\node_modules\\router\\lib\\route.js:157:13)\n' +
    '    at middleware (C:\\Users\\Rushikesh\\OneDrive\\Desktop\\Project\\Odoo_Final\\backend\\node_modules\\express-validator\\lib\\middlewares\\check.js:16:13)\n' +
    '    at process.processTicksAndRejections (node:internal/process/task_queues:103:5)',
  errors: [
    {
      field: 'password',
      message: 'Password must be at least 6 characters long',
      value: 'test'
    }
  ],
  body: {
    email: 'rushikesh',
    password: 'test',
    latitude: 23.189921083333335,
    longitude: 72.61313700000001
  },
  params: [Object: null prototype] {},
  query: [Object: null prototype] {},
  level: 'error',
  timestamp: '2026-09-05 16:57:42'
}
{
  service: 'attendance-system',
  method: 'POST',
  url: '/login',
  statusCode: 400,
  duration: '3ms',
  ip: '127.0.0.1',
  level: 'info',
  message: 'Request',
  timestamp: '2026-09-05 16:57:42'
}
{
  service: 'attendance-system',
  method: 'GET',
  url: '/active?_t=1788607748943',
  statusCode: 401,
  duration: '0ms',
  ip: '127.0.0.1',
  level: 'info',
  message: 'Request',
  timestamp: '2026-09-05 16:59:08'
}
{
  service: 'attendance-system',
  method: 'POST',
  url: '/refresh',
  statusCode: 401,
  duration: '0ms',
  ip: '127.0.0.1',
  level: 'info',
  message: 'Request',
  timestamp: '2026-09-05 16:59:09'
}
{
  service: 'attendance-system',
  message: 'Application Error Validation failed',
  stack: 'Error: Validation failed\n' +
    '    at handleValidationErrors (C:\\Users\\Rushikesh\\OneDrive\\Desktop\\Project\\Odoo_Final\\backend\\middleware\\validation.js:15:14)\n' +
    '    at Layer.handleRequest (C:\\Users\\Rushikesh\\OneDrive\\Desktop\\Project\\Odoo_Final\\backend\\node_modules\\router\\lib\\layer.js:152:17)\n' +
    '    at next (C:\\Users\\Rushikesh\\OneDrive\\Desktop\\Project\\Odoo_Final\\backend\\node_modules\\router\\lib\\route.js:157:13)\n' +
    '    at middleware (C:\\Users\\Rushikesh\\OneDrive\\Desktop\\Project\\Odoo_Final\\backend\\node_modules\\express-validator\\lib\\middlewares\\check.js:16:13)\n' +
    '    at process.processTicksAndRejections (node:internal/process/task_queues:103:5)',
  errors: [
    {
      field: 'password',
      message: 'Password must be at least 6 characters long',
      value: 'test'
    }
  ],
  body: {
    email: 'rus',
    password: 'test',
    latitude: 23.189921083333335,
    longitude: 72.61313700000001
  },
  params: [Object: null prototype] {},
  query: [Object: null prototype] {},
  level: 'error',
  timestamp: '2026-09-05 16:59:13'
}
{
  service: 'attendance-system',
  method: 'POST',
  url: '/login',
  statusCode: 400,
  duration: '1ms',
  ip: '127.0.0.1',
  level: 'info',
  message: 'Request',
  timestamp: '2026-09-05 16:59:13'
}
{
  service: 'attendance-system',
  message: 'Application Error Validation failed',
  stack: 'Error: Validation failed\n' +
    '    at handleValidationErrors (C:\\Users\\Rushikesh\\OneDrive\\Desktop\\Project\\Odoo_Final\\backend\\middleware\\validation.js:15:14)\n' +
    '    at Layer.handleRequest (C:\\Users\\Rushikesh\\OneDrive\\Desktop\\Project\\Odoo_Final\\backend\\node_modules\\router\\lib\\layer.js:152:17)\n' +
    '    at next (C:\\Users\\Rushikesh\\OneDrive\\Desktop\\Project\\Odoo_Final\\backend\\node_modules\\router\\lib\\route.js:157:13)\n' +
    '    at middleware (C:\\Users\\Rushikesh\\OneDrive\\Desktop\\Project\\Odoo_Final\\backend\\node_modules\\express-validator\\lib\\middlewares\\check.js:16:13)\n' +
    '    at process.processTicksAndRejections (node:internal/process/task_queues:103:5)',
  errors: [
    {
      field: 'password',
      message: 'Password must be at least 6 characters long',
      value: 'test'
    }
  ],
  body: {
    email: 'rus',
    password: 'test',
    latitude: 23.189921083333335,
    longitude: 72.61313700000001
  },
  params: [Object: null prototype] {},
  query: [Object: null prototype] {},
  level: 'error',
  timestamp: '2026-09-05 16:59:14'
}
{
  service: 'attendance-system',
  method: 'POST',
  url: '/login',
  statusCode: 400,
  duration: '1ms',
  ip: '127.0.0.1',
  level: 'info',
  message: 'Request',
  timestamp: '2026-09-05 16:59:14'
}
{
  service: 'attendance-system',
  message: 'Application Error Validation failed',
  stack: 'Error: Validation failed\n' +
    '    at handleValidationErrors (C:\\Users\\Rushikesh\\OneDrive\\Desktop\\Project\\Odoo_Final\\backend\\middleware\\validation.js:15:14)\n' +
    '    at Layer.handleRequest (C:\\Users\\Rushikesh\\OneDrive\\Desktop\\Project\\Odoo_Final\\backend\\node_modules\\router\\lib\\layer.js:152:17)\n' +
    '    at next (C:\\Users\\Rushikesh\\OneDrive\\Desktop\\Project\\Odoo_Final\\backend\\node_modules\\router\\lib\\route.js:157:13)\n' +
    '    at middleware (C:\\Users\\Rushikesh\\OneDrive\\Desktop\\Project\\Odoo_Final\\backend\\node_modules\\express-validator\\lib\\middlewares\\check.js:16:13)\n' +
    '    at process.processTicksAndRejections (node:internal/process/task_queues:103:5)',
  errors: [
    {
      field: 'password',
      message: 'Password must be at least 6 characters long',
      value: 'test'
    }
  ],
  body: {
    email: 'rus',
    password: 'test',
    latitude: 23.189921083333335,
    longitude: 72.61313700000001
  },
  params: [Object: null prototype] {},
  query: [Object: null prototype] {},
  level: 'error',
  timestamp: '2026-09-05 16:59:15'
}
{
  service: 'attendance-system',
  method: 'POST',
  url: '/login',
  statusCode: 400,
  duration: '1ms',
  ip: '127.0.0.1',
  level: 'info',
  message: 'Request',
  timestamp: '2026-09-05 16:59:15'
}
{
  service: 'attendance-system',
  method: 'GET',
  url: '/analytics/monthly-context-settings',
  statusCode: 404,
  duration: '0ms',
  ip: '127.0.0.1',
  level: 'info',
  message: 'Request',
  timestamp: '2026-09-05 17:58:03'
}
{
  service: 'attendance-system',
  method: 'GET',
  url: '/analytics/monthly-context-settings',
  statusCode: 404,
  duration: '0ms',
  ip: '127.0.0.1',
  level: 'info',
  message: 'Request',
  timestamp: '2026-09-05 17:58:03'
}
{
  service: 'attendance-system',
  method: 'GET',
  url: '/analytics/monthly-context-settings',
  statusCode: 404,
  duration: '2ms',
  ip: '127.0.0.1',
  level: 'info',
  message: 'Request',
  timestamp: '2026-09-05 17:58:03'
}
{
  service: 'attendance-system',
  method: 'GET',
  url: '/analytics/monthly-context-settings',
  statusCode: 404,
  duration: '0ms',
  ip: '127.0.0.1',
  level: 'info',
  message: 'Request',
  timestamp: '2026-09-05 17:58:03'
}
{
  service: 'attendance-system',
  method: 'GET',
  url: '/analytics/monthly-context-settings',
  statusCode: 404,
  duration: '1ms',
  ip: '127.0.0.1',
  level: 'info',
  message: 'Request',
  timestamp: '2026-09-05 18:06:05'
}
{
  service: 'attendance-system',
  method: 'GET',
  url: '/analytics/monthly-context-settings',
  statusCode: 404,
  duration: '0ms',
  ip: '127.0.0.1',
  level: 'info',
  message: 'Request',
  timestamp: '2026-09-05 18:06:05'
}
{
  service: 'attendance-system',
  method: 'GET',
  url: '/analytics/monthly-context-settings',
  statusCode: 404,
  duration: '0ms',
  ip: '127.0.0.1',
  level: 'info',
  message: 'Request',
  timestamp: '2026-09-05 18:06:05'
}
{
  service: 'attendance-system',
  method: 'GET',
  url: '/analytics/monthly-context-settings',
  statusCode: 404,
  duration: '1ms',
  ip: '127.0.0.1',
  level: 'info',
  message: 'Request',
  timestamp: '2026-09-05 18:06:05'
}
{
  service: 'attendance-system',
  method: 'GET',
  url: '/analytics/monthly-context-settings',
  statusCode: 404,
  duration: '0ms',
  ip: '127.0.0.1',
  level: 'info',
  message: 'Request',
  timestamp: '2026-09-05 18:15:21'
}
{
  service: 'attendance-system',
  method: 'GET',
  url: '/analytics/monthly-context-settings',
  statusCode: 404,
  duration: '0ms',
  ip: '127.0.0.1',
  level: 'info',
  message: 'Request',
  timestamp: '2026-09-05 18:15:21'
}
{
  service: 'attendance-system',
  method: 'GET',
  url: '/analytics/monthly-context-settings',
  statusCode: 404,
  duration: '0ms',
  ip: '127.0.0.1',
  level: 'info',
  message: 'Request',
  timestamp: '2026-09-05 18:15:21'
}
{
  service: 'attendance-system',
  method: 'GET',
  url: '/analytics/monthly-context-settings',
  statusCode: 404,
  duration: '0ms',
  ip: '127.0.0.1',
  level: 'info',
  message: 'Request',
  timestamp: '2026-09-05 18:15:21'
}
{
  service: 'attendance-system',
  method: 'GET',
  url: '/analytics/monthly-context-settings',
  statusCode: 404,
  duration: '1ms',
  ip: '127.0.0.1',
  level: 'info',
  message: 'Request',
  timestamp: '2026-09-05 18:43:05'
}
{
  service: 'attendance-system',
  method: 'GET',
  url: '/analytics/monthly-context-settings',
  statusCode: 404,
  duration: '0ms',
  ip: '127.0.0.1',
  level: 'info',
  message: 'Request',
  timestamp: '2026-09-05 18:43:05'
}
{
  service: 'attendance-system',
  method: 'GET',
  url: '/analytics/monthly-context-settings',
  statusCode: 404,
  duration: '1ms',
  ip: '127.0.0.1',
  level: 'info',
  message: 'Request',
  timestamp: '2026-09-05 18:43:05'
}
{
  service: 'attendance-system',
  method: 'GET',
  url: '/analytics/monthly-context-settings',
  statusCode: 404,
  duration: '0ms',
  ip: '127.0.0.1',
  level: 'info',
  message: 'Request',
  timestamp: '2026-09-05 18:43:05'
}
{
  service: 'attendance-system',
  method: 'GET',
  url: '/dashboard/kpis?period=2026-09',
  statusCode: 401,
  duration: '1ms',
  ip: '127.0.0.1',
  level: 'info',
  message: 'Request',
  timestamp: '2026-09-05 19:02:53'
}
{
  service: 'attendance-system',
  method: 'GET',
  url: '/dashboard/salary-by-department?period=2026-09',
  statusCode: 401,
  duration: '1ms',
  ip: '127.0.0.1',
  level: 'info',
  message: 'Request',
  timestamp: '2026-09-05 19:02:53'
}
{
  service: 'attendance-system',
  method: 'GET',
  url: '/dashboard/monthly-trend?months=6',
  statusCode: 401,
  duration: '0ms',
  ip: '127.0.0.1',
  level: 'info',
  message: 'Request',
  timestamp: '2026-09-05 19:02:53'
}
{
  service: 'attendance-system',
  method: 'GET',
  url: '/dashboard/alerts',
  statusCode: 401,
  duration: '1ms',
  ip: '127.0.0.1',
  level: 'info',
  message: 'Request',
  timestamp: '2026-09-05 19:02:53'
}
{
  service: 'attendance-system',
  method: 'GET',
  url: '/dashboard/attendance-overview?period=2026-09',
  statusCode: 401,
  duration: '0ms',
  ip: '127.0.0.1',
  level: 'info',
  message: 'Request',
  timestamp: '2026-09-05 19:02:53'
}
{
  service: 'attendance-system',
  method: 'GET',
  url: '/dashboard/timeoff-overview?period=2026-09',
  statusCode: 401,
  duration: '3ms',
  ip: '127.0.0.1',
  level: 'info',
  message: 'Request',
  timestamp: '2026-09-05 19:02:53'
}
{
  service: 'attendance-system',
  method: 'GET',
  url: '/dashboard/kpis?period=2026-09',
  statusCode: 401,
  duration: '0ms',
  ip: '127.0.0.1',
  level: 'info',
  message: 'Request',
  timestamp: '2026-09-05 19:02:53'
}
{
  service: 'attendance-system',
  method: 'GET',
  url: '/dashboard/salary-by-department?period=2026-09',
  statusCode: 401,
  duration: '0ms',
  ip: '127.0.0.1',
  level: 'info',
  message: 'Request',
  timestamp: '2026-09-05 19:02:53'
}
{
  service: 'attendance-system',
  method: 'GET',
  url: '/dashboard/monthly-trend?months=6',
  statusCode: 401,
  duration: '0ms',
  ip: '127.0.0.1',
  level: 'info',
  message: 'Request',
  timestamp: '2026-09-05 19:02:53'
}
{
  service: 'attendance-system',
  method: 'GET',
  url: '/dashboard/alerts',
  statusCode: 401,
  duration: '0ms',
  ip: '127.0.0.1',
  level: 'info',
  message: 'Request',
  timestamp: '2026-09-05 19:02:53'
}
{
  service: 'attendance-system',
  method: 'GET',
  url: '/dashboard/attendance-overview?period=2026-09',
  statusCode: 401,
  duration: '1ms',
  ip: '127.0.0.1',
  level: 'info',
  message: 'Request',
  timestamp: '2026-09-05 19:02:53'
}
{
  service: 'attendance-system',
  method: 'GET',
  url: '/dashboard/timeoff-overview?period=2026-09',
  statusCode: 401,
  duration: '0ms',
  ip: '127.0.0.1',
  level: 'info',
  message: 'Request',
  timestamp: '2026-09-05 19:02:53'
}
{
  service: 'attendance-system',
  method: 'GET',
  url: '/payruns?page=1&limit=10',
  statusCode: 401,
  duration: '1ms',
  ip: '127.0.0.1',
  level: 'info',
  message: 'Request',
  timestamp: '2026-09-05 19:02:58'
}
{
  service: 'attendance-system',
  method: 'GET',
  url: '/payruns?page=1&limit=10',
  statusCode: 401,
  duration: '0ms',
  ip: '127.0.0.1',
  level: 'info',
  message: 'Request',
  timestamp: '2026-09-05 19:02:58'
}
{
  service: 'attendance-system',
  method: 'GET',
  url: '/dashboard/kpis?period=2026-09',
  statusCode: 401,
  duration: '0ms',
  ip: '127.0.0.1',
  level: 'info',
  message: 'Request',
  timestamp: '2026-09-05 19:03:10'
}
{
  service: 'attendance-system',
  method: 'GET',
  url: '/dashboard/salary-by-department?period=2026-09',
  statusCode: 401,
  duration: '0ms',
  ip: '127.0.0.1',
  level: 'info',
  message: 'Request',
  timestamp: '2026-09-05 19:03:10'
}
{
  service: 'attendance-system',
  method: 'GET',
  url: '/dashboard/monthly-trend?months=6',
  statusCode: 401,
  duration: '2ms',
  ip: '127.0.0.1',
  level: 'info',
  message: 'Request',
  timestamp: '2026-09-05 19:03:10'
}
{
  service: 'attendance-system',
  method: 'GET',
  url: '/dashboard/alerts',
  statusCode: 401,
  duration: '0ms',
  ip: '127.0.0.1',
  level: 'info',
  message: 'Request',
  timestamp: '2026-09-05 19:03:10'
}
{
  service: 'attendance-system',
  method: 'GET',
  url: '/dashboard/attendance-overview?period=2026-09',
  statusCode: 401,
  duration: '1ms',
  ip: '127.0.0.1',
  level: 'info',
  message: 'Request',
  timestamp: '2026-09-05 19:03:10'
}
{
  service: 'attendance-system',
  method: 'GET',
  url: '/dashboard/timeoff-overview?period=2026-09',
  statusCode: 401,
  duration: '0ms',
  ip: '127.0.0.1',
  level: 'info',
  message: 'Request',
  timestamp: '2026-09-05 19:03:10'
}
{
  service: 'attendance-system',
  method: 'GET',
  url: '/dashboard/kpis?period=2026-09',
  statusCode: 401,
  duration: '1ms',
  ip: '127.0.0.1',
  level: 'info',
  message: 'Request',
  timestamp: '2026-09-05 19:03:10'
}
{
  service: 'attendance-system',
  method: 'GET',
  url: '/dashboard/salary-by-department?period=2026-09',
  statusCode: 401,
  duration: '1ms',
  ip: '127.0.0.1',
  level: 'info',
  message: 'Request',
  timestamp: '2026-09-05 19:03:10'
}
{
  service: 'attendance-system',
  method: 'GET',
  url: '/dashboard/monthly-trend?months=6',
  statusCode: 401,
  duration: '0ms',
  ip: '127.0.0.1',
  level: 'info',
  message: 'Request',
  timestamp: '2026-09-05 19:03:10'
}
{
  service: 'attendance-system',
  method: 'GET',
  url: '/dashboard/alerts',
  statusCode: 401,
  duration: '0ms',
  ip: '127.0.0.1',
  level: 'info',
  message: 'Request',
  timestamp: '2026-09-05 19:03:10'
}
{
  service: 'attendance-system',
  method: 'GET',
  url: '/dashboard/attendance-overview?period=2026-09',
  statusCode: 401,
  duration: '0ms',
  ip: '127.0.0.1',
  level: 'info',
  message: 'Request',
  timestamp: '2026-09-05 19:03:10'
}
{
  service: 'attendance-system',
  method: 'GET',
  url: '/dashboard/timeoff-overview?period=2026-09',
  statusCode: 401,
  duration: '0ms',
  ip: '127.0.0.1',
  level: 'info',
  message: 'Request',
  timestamp: '2026-09-05 19:03:10'
}
{
  service: 'attendance-system',
  method: 'GET',
  url: '/salary-rules',
  statusCode: 401,
  duration: '0ms',
  ip: '127.0.0.1',
  level: 'info',
  message: 'Request',
  timestamp: '2026-09-05 19:03:18'
}
{
  service: 'attendance-system',
  method: 'GET',
  url: '/salary-rules',
  statusCode: 401,
  duration: '1ms',
  ip: '127.0.0.1',
  level: 'info',
  message: 'Request',
  timestamp: '2026-09-05 19:03:18'
}
{
  service: 'attendance-system',
  method: 'GET',
  url: '/salary-rules',
  statusCode: 401,
  duration: '0ms',
  ip: '127.0.0.1',
  level: 'info',
  message: 'Request',
  timestamp: '2026-09-05 19:15:15'
}
{
  service: 'attendance-system',
  method: 'GET',
  url: '/salary-rules',
  statusCode: 401,
  duration: '1ms',
  ip: '127.0.0.1',
  level: 'info',
  message: 'Request',
  timestamp: '2026-09-05 19:15:15'
}
{
  service: 'attendance-system',
  method: 'GET',
  url: '/salary-rules',
  statusCode: 401,
  duration: '0ms',
  ip: '127.0.0.1',
  level: 'info',
  message: 'Request',
  timestamp: '2026-09-05 20:09:14'
}
{
  service: 'attendance-system',
  method: 'GET',
  url: '/salary-rules',
  statusCode: 401,
  duration: '0ms',
  ip: '127.0.0.1',
  level: 'info',
  message: 'Request',
  timestamp: '2026-09-05 20:09:14'
}
{
  service: 'attendance-system',
  method: 'GET',
  url: '/salary-rules',
  statusCode: 401,
  duration: '0ms',
  ip: '127.0.0.1',
  level: 'info',
  message: 'Request',
  timestamp: '2026-09-05 20:10:28'
}
{
  service: 'attendance-system',
  method: 'GET',
  url: '/salary-rules',
  statusCode: 401,
  duration: '0ms',
  ip: '127.0.0.1',
  level: 'info',
  message: 'Request',
  timestamp: '2026-09-05 20:10:28'
}
{
  service: 'attendance-system',
  method: 'GET',
  url: '/analytics/monthly-context-settings',
  statusCode: 404,
  duration: '1ms',
  ip: '127.0.0.1',
  level: 'info',
  message: 'Request',
  timestamp: '2026-09-05 20:12:03'
}
{
  service: 'attendance-system',
  method: 'GET',
  url: '/analytics/monthly-context-settings',
  statusCode: 404,
  duration: '2ms',
  ip: '127.0.0.1',
  level: 'info',
  message: 'Request',
  timestamp: '2026-09-05 20:12:03'
}
{
  service: 'attendance-system',
  method: 'GET',
  url: '/analytics/monthly-context-settings',
  statusCode: 404,
  duration: '0ms',
  ip: '127.0.0.1',
  level: 'info',
  message: 'Request',
  timestamp: '2026-09-05 20:12:03'
}
{
  service: 'attendance-system',
  method: 'GET',
  url: '/analytics/monthly-context-settings',
  statusCode: 404,
  duration: '0ms',
  ip: '127.0.0.1',
  level: 'info',
  message: 'Request',
  timestamp: '2026-09-05 20:12:03'
}
{
  service: 'attendance-system',
  method: 'GET',
  url: '/analytics/monthly-context-settings',
  statusCode: 404,
  duration: '1ms',
  ip: '127.0.0.1',
  level: 'info',
  message: 'Request',
  timestamp: '2026-09-05 20:12:08'
}
{
  service: 'attendance-system',
  method: 'GET',
  url: '/analytics/monthly-context-settings',
  statusCode: 404,
  duration: '0ms',
  ip: '127.0.0.1',
  level: 'info',
  message: 'Request',
  timestamp: '2026-09-05 20:12:08'
}
{
  service: 'attendance-system',
  method: 'GET',
  url: '/analytics/monthly-context-settings',
  statusCode: 404,
  duration: '0ms',
  ip: '127.0.0.1',
  level: 'info',
  message: 'Request',
  timestamp: '2026-09-05 20:12:08'
}
{
  service: 'attendance-system',
  method: 'GET',
  url: '/analytics/monthly-context-settings',
  statusCode: 404,
  duration: '0ms',
  ip: '127.0.0.1',
  level: 'info',
  message: 'Request',
  timestamp: '2026-09-05 20:12:08'
}
{
  service: 'attendance-system',
  method: 'GET',
  url: '/dashboard/kpis?period=2026-09',
  statusCode: 401,
  duration: '0ms',
  ip: '127.0.0.1',
  level: 'info',
  message: 'Request',
  timestamp: '2026-09-05 20:12:15'
}
{
  service: 'attendance-system',
  method: 'GET',
  url: '/dashboard/salary-by-department?period=2026-09',
  statusCode: 401,
  duration: '0ms',
  ip: '127.0.0.1',
  level: 'info',
  message: 'Request',
  timestamp: '2026-09-05 20:12:15'
}
{
  service: 'attendance-system',
  method: 'GET',
  url: '/dashboard/monthly-trend?months=6',
  statusCode: 401,
  duration: '1ms',
  ip: '127.0.0.1',
  level: 'info',
  message: 'Request',
  timestamp: '2026-09-05 20:12:15'
}
{
  service: 'attendance-system',
  method: 'GET',
  url: '/dashboard/alerts',
  statusCode: 401,
  duration: '1ms',
  ip: '127.0.0.1',
  level: 'info',
  message: 'Request',
  timestamp: '2026-09-05 20:12:15'
}
{
  service: 'attendance-system',
  method: 'GET',
  url: '/dashboard/attendance-overview?period=2026-09',
  statusCode: 401,
  duration: '0ms',
  ip: '127.0.0.1',
  level: 'info',
  message: 'Request',
  timestamp: '2026-09-05 20:12:15'
}
{
  service: 'attendance-system',
  method: 'GET',
  url: '/dashboard/timeoff-overview?period=2026-09',
  statusCode: 401,
  duration: '0ms',
  ip: '127.0.0.1',
  level: 'info',
  message: 'Request',
  timestamp: '2026-09-05 20:12:15'
}
{
  service: 'attendance-system',
  method: 'GET',
  url: '/dashboard/kpis?period=2026-09',
  statusCode: 401,
  duration: '1ms',
  ip: '127.0.0.1',
  level: 'info',
  message: 'Request',
  timestamp: '2026-09-05 20:12:15'
}
{
  service: 'attendance-system',
  method: 'GET',
  url: '/dashboard/salary-by-department?period=2026-09',
  statusCode: 401,
  duration: '1ms',
  ip: '127.0.0.1',
  level: 'info',
  message: 'Request',
  timestamp: '2026-09-05 20:12:15'
}
{
  service: 'attendance-system',
  method: 'GET',
  url: '/dashboard/monthly-trend?months=6',
  statusCode: 401,
  duration: '0ms',
  ip: '127.0.0.1',
  level: 'info',
  message: 'Request',
  timestamp: '2026-09-05 20:12:15'
}
{
  service: 'attendance-system',
  method: 'GET',
  url: '/dashboard/alerts',
  statusCode: 401,
  duration: '1ms',
  ip: '127.0.0.1',
  level: 'info',
  message: 'Request',
  timestamp: '2026-09-05 20:12:15'
}
{
  service: 'attendance-system',
  method: 'GET',
  url: '/dashboard/attendance-overview?period=2026-09',
  statusCode: 401,
  duration: '0ms',
  ip: '127.0.0.1',
  level: 'info',
  message: 'Request',
  timestamp: '2026-09-05 20:12:15'
}
{
  service: 'attendance-system',
  method: 'GET',
  url: '/dashboard/timeoff-overview?period=2026-09',
  statusCode: 401,
  duration: '0ms',
  ip: '127.0.0.1',
  level: 'info',
  message: 'Request',
  timestamp: '2026-09-05 20:12:15'
}
{
  service: 'attendance-system',
  method: 'GET',
  url: '/dashboard/kpis?period=2026-09',
  statusCode: 401,
  duration: '0ms',
  ip: '127.0.0.1',
  level: 'info',
  message: 'Request',
  timestamp: '2026-09-05 20:12:20'
}
{
  service: 'attendance-system',
  method: 'GET',
  url: '/dashboard/salary-by-department?period=2026-09',
  statusCode: 401,
  duration: '0ms',
  ip: '127.0.0.1',
  level: 'info',
  message: 'Request',
  timestamp: '2026-09-05 20:12:20'
}
{
  service: 'attendance-system',
  method: 'GET',
  url: '/dashboard/monthly-trend?months=6',
  statusCode: 401,
  duration: '0ms',
  ip: '127.0.0.1',
  level: 'info',
  message: 'Request',
  timestamp: '2026-09-05 20:12:20'
}
{
  service: 'attendance-system',
  method: 'GET',
  url: '/dashboard/alerts',
  statusCode: 401,
  duration: '1ms',
  ip: '127.0.0.1',
  level: 'info',
  message: 'Request',
  timestamp: '2026-09-05 20:12:20'
}
{
  service: 'attendance-system',
  method: 'GET',
  url: '/dashboard/attendance-overview?period=2026-09',
  statusCode: 401,
  duration: '0ms',
  ip: '127.0.0.1',
  level: 'info',
  message: 'Request',
  timestamp: '2026-09-05 20:12:20'
}
{
  service: 'attendance-system',
  method: 'GET',
  url: '/dashboard/timeoff-overview?period=2026-09',
  statusCode: 401,
  duration: '1ms',
  ip: '127.0.0.1',
  level: 'info',
  message: 'Request',
  timestamp: '2026-09-05 20:12:20'
}
{
  service: 'attendance-system',
  method: 'GET',
  url: '/dashboard/kpis?period=2026-09',
  statusCode: 401,
  duration: '0ms',
  ip: '127.0.0.1',
  level: 'info',
  message: 'Request',
  timestamp: '2026-09-05 20:12:20'
}
{
  service: 'attendance-system',
  method: 'GET',
  url: '/dashboard/salary-by-department?period=2026-09',
  statusCode: 401,
  duration: '1ms',
  ip: '127.0.0.1',
  level: 'info',
  message: 'Request',
  timestamp: '2026-09-05 20:12:20'
}
{
  service: 'attendance-system',
  method: 'GET',
  url: '/dashboard/monthly-trend?months=6',
  statusCode: 401,
  duration: '0ms',
  ip: '127.0.0.1',
  level: 'info',
  message: 'Request',
  timestamp: '2026-09-05 20:12:20'
}
{
  service: 'attendance-system',
  method: 'GET',
  url: '/dashboard/alerts',
  statusCode: 401,
  duration: '0ms',
  ip: '127.0.0.1',
  level: 'info',
  message: 'Request',
  timestamp: '2026-09-05 20:12:20'
}
{
  service: 'attendance-system',
  method: 'GET',
  url: '/dashboard/attendance-overview?period=2026-09',
  statusCode: 401,
  duration: '0ms',
  ip: '127.0.0.1',
  level: 'info',
  message: 'Request',
  timestamp: '2026-09-05 20:12:20'
}
{
  service: 'attendance-system',
  method: 'GET',
  url: '/dashboard/timeoff-overview?period=2026-09',
  statusCode: 401,
  duration: '1ms',
  ip: '127.0.0.1',
  level: 'info',
  message: 'Request',
  timestamp: '2026-09-05 20:12:20'
}
{
  service: 'attendance-system',
  method: 'GET',
  url: '/salary-rules',
  statusCode: 401,
  duration: '0ms',
  ip: '127.0.0.1',
  level: 'info',
  message: 'Request',
  timestamp: '2026-09-05 20:12:25'
}
{
  service: 'attendance-system',
  method: 'GET',
  url: '/salary-rules',
  statusCode: 401,
  duration: '1ms',
  ip: '127.0.0.1',
  level: 'info',
  message: 'Request',
  timestamp: '2026-09-05 20:12:25'
}
{
  service: 'attendance-system',
  method: 'GET',
  url: '/salary-rules',
  statusCode: 401,
  duration: '4ms',
  ip: '127.0.0.1',
  level: 'info',
  message: 'Request',
  timestamp: '2026-09-05 20:16:20'
}
{
  service: 'attendance-system',
  method: 'GET',
  url: '/salary-rules',
  statusCode: 401,
  duration: '1ms',
  ip: '127.0.0.1',
  level: 'info',
  message: 'Request',
  timestamp: '2026-09-05 20:16:20'
}
{
  service: 'attendance-system',
  method: 'GET',
  url: '/dashboard/kpis?period=2026-09',
  statusCode: 401,
  duration: '1ms',
  ip: '127.0.0.1',
  level: 'info',
  message: 'Request',
  timestamp: '2026-09-05 20:18:47'
}
{
  service: 'attendance-system',
  method: 'GET',
  url: '/dashboard/monthly-trend?months=6',
  statusCode: 401,
  duration: '1ms',
  ip: '127.0.0.1',
  level: 'info',
  message: 'Request',
  timestamp: '2026-09-05 20:18:47'
}
{
  service: 'attendance-system',
  method: 'GET',
  url: '/dashboard/salary-by-department?period=2026-09',
  statusCode: 401,
  duration: '1ms',
  ip: '127.0.0.1',
  level: 'info',
  message: 'Request',
  timestamp: '2026-09-05 20:18:47'
}
{
  service: 'attendance-system',
  method: 'GET',
  url: '/dashboard/alerts',
  statusCode: 401,
  duration: '1ms',
  ip: '127.0.0.1',
  level: 'info',
  message: 'Request',
  timestamp: '2026-09-05 20:18:47'
}
{
  service: 'attendance-system',
  method: 'GET',
  url: '/dashboard/attendance-overview?period=2026-09',
  statusCode: 401,
  duration: '0ms',
  ip: '127.0.0.1',
  level: 'info',
  message: 'Request',
  timestamp: '2026-09-05 20:18:47'
}
{
  service: 'attendance-system',
  method: 'GET',
  url: '/dashboard/timeoff-overview?period=2026-09',
  statusCode: 401,
  duration: '1ms',
  ip: '127.0.0.1',
  level: 'info',
  message: 'Request',
  timestamp: '2026-09-05 20:18:47'
}
{
  service: 'attendance-system',
  method: 'GET',
  url: '/dashboard/kpis?period=2026-09',
  statusCode: 401,
  duration: '0ms',
  ip: '127.0.0.1',
  level: 'info',
  message: 'Request',
  timestamp: '2026-09-05 20:18:47'
}
{
  service: 'attendance-system',
  method: 'GET',
  url: '/dashboard/monthly-trend?months=6',
  statusCode: 401,
  duration: '0ms',
  ip: '127.0.0.1',
  level: 'info',
  message: 'Request',
  timestamp: '2026-09-05 20:18:47'
}
{
  service: 'attendance-system',
  method: 'GET',
  url: '/dashboard/salary-by-department?period=2026-09',
  statusCode: 401,
  duration: '0ms',
  ip: '127.0.0.1',
  level: 'info',
  message: 'Request',
  timestamp: '2026-09-05 20:18:47'
}
{
  service: 'attendance-system',
  method: 'GET',
  url: '/dashboard/alerts',
  statusCode: 401,
  duration: '1ms',
  ip: '127.0.0.1',
  level: 'info',
  message: 'Request',
  timestamp: '2026-09-05 20:18:47'
}
{
  service: 'attendance-system',
  method: 'GET',
  url: '/dashboard/attendance-overview?period=2026-09',
  statusCode: 401,
  duration: '1ms',
  ip: '127.0.0.1',
  level: 'info',
  message: 'Request',
  timestamp: '2026-09-05 20:18:47'
}
{
  service: 'attendance-system',
  method: 'GET',
  url: '/dashboard/timeoff-overview?period=2026-09',
  statusCode: 401,
  duration: '0ms',
  ip: '127.0.0.1',
  level: 'info',
  message: 'Request',
  timestamp: '2026-09-05 20:18:47'
}
{
  service: 'attendance-system',
  method: 'GET',
  url: '/salary-rules',
  statusCode: 401,
  duration: '0ms',
  ip: '127.0.0.1',
  level: 'info',
  message: 'Request',
  timestamp: '2026-09-05 20:19:03'
}
{
  service: 'attendance-system',
  method: 'GET',
  url: '/salary-rules',
  statusCode: 401,
  duration: '0ms',
  ip: '127.0.0.1',
  level: 'info',
  message: 'Request',
  timestamp: '2026-09-05 20:19:03'
}
{
  service: 'attendance-system',
  method: 'GET',
  url: '/salary-rules',
  statusCode: 401,
  duration: '0ms',
  ip: '127.0.0.1',
  level: 'info',
  message: 'Request',
  timestamp: '2026-09-05 20:19:10'
}
{
  service: 'attendance-system',
  method: 'GET',
  url: '/salary-rules',
  statusCode: 401,
  duration: '0ms',
  ip: '127.0.0.1',
  level: 'info',
  message: 'Request',
  timestamp: '2026-09-05 20:19:10'
}
{
  service: 'attendance-system',
  method: 'GET',
  url: '/salary-rules',
  statusCode: 401,
  duration: '0ms',
  ip: '127.0.0.1',
  level: 'info',
  message: 'Request',
  timestamp: '2026-09-05 20:19:11'
}
{
  service: 'attendance-system',
  method: 'GET',
  url: '/salary-rules',
  statusCode: 401,
  duration: '0ms',
  ip: '127.0.0.1',
  level: 'info',
  message: 'Request',
  timestamp: '2026-09-05 20:19:17'
}
{
  service: 'attendance-system',
  method: 'GET',
  url: '/salary-rules',
  statusCode: 401,
  duration: '0ms',
  ip: '127.0.0.1',
  level: 'info',
  message: 'Request',
  timestamp: '2026-09-05 20:19:17'
}
{
  service: 'attendance-system',
  method: 'GET',
  url: '/salary-rules',
  statusCode: 401,
  duration: '0ms',
  ip: '127.0.0.1',
  level: 'info',
  message: 'Request',
  timestamp: '2026-09-05 20:19:18'
}
{
  service: 'attendance-system',
  method: 'GET',
  url: '/salary-rules',
  statusCode: 401,
  duration: '0ms',
  ip: '127.0.0.1',
  level: 'info',
  message: 'Request',
  timestamp: '2026-09-05 20:19:18'
}
{
  service: 'attendance-system',
  method: 'GET',
  url: '/salary-rules',
  statusCode: 401,
  duration: '0ms',
  ip: '127.0.0.1',
  level: 'info',
  message: 'Request',
  timestamp: '2026-09-05 20:19:27'
}
{
  service: 'attendance-system',
  method: 'GET',
  url: '/dashboard/kpis?period=2026-09',
  statusCode: 401,
  duration: '1ms',
  ip: '127.0.0.1',
  level: 'info',
  message: 'Request',
  timestamp: '2026-09-05 20:32:15'
}
{
  service: 'attendance-system',
  method: 'GET',
  url: '/dashboard/salary-by-department?period=2026-09',
  statusCode: 401,
  duration: '1ms',
  ip: '127.0.0.1',
  level: 'info',
  message: 'Request',
  timestamp: '2026-09-05 20:32:15'
}
{
  service: 'attendance-system',
  method: 'GET',
  url: '/dashboard/monthly-trend?months=6',
  statusCode: 401,
  duration: '1ms',
  ip: '127.0.0.1',
  level: 'info',
  message: 'Request',
  timestamp: '2026-09-05 20:32:15'
}
{
  service: 'attendance-system',
  method: 'GET',
  url: '/dashboard/alerts',
  statusCode: 401,
  duration: '1ms',
  ip: '127.0.0.1',
  level: 'info',
  message: 'Request',
  timestamp: '2026-09-05 20:32:15'
}
{
  service: 'attendance-system',
  method: 'GET',
  url: '/dashboard/attendance-overview?period=2026-09',
  statusCode: 401,
  duration: '1ms',
  ip: '127.0.0.1',
  level: 'info',
  message: 'Request',
  timestamp: '2026-09-05 20:32:15'
}
{
  service: 'attendance-system',
  method: 'GET',
  url: '/dashboard/timeoff-overview?period=2026-09',
  statusCode: 401,
  duration: '1ms',
  ip: '127.0.0.1',
  level: 'info',
  message: 'Request',
  timestamp: '2026-09-05 20:32:15'
}
{
  service: 'attendance-system',
  method: 'GET',
  url: '/dashboard/kpis?period=2026-09',
  statusCode: 401,
  duration: '0ms',
  ip: '127.0.0.1',
  level: 'info',
  message: 'Request',
  timestamp: '2026-09-05 20:32:15'
}
{
  service: 'attendance-system',
  method: 'GET',
  url: '/dashboard/salary-by-department?period=2026-09',
  statusCode: 401,
  duration: '1ms',
  ip: '127.0.0.1',
  level: 'info',
  message: 'Request',
  timestamp: '2026-09-05 20:32:15'
}
{
  service: 'attendance-system',
  method: 'GET',
  url: '/dashboard/monthly-trend?months=6',
  statusCode: 401,
  duration: '1ms',
  ip: '127.0.0.1',
  level: 'info',
  message: 'Request',
  timestamp: '2026-09-05 20:32:15'
}
{
  service: 'attendance-system',
  method: 'GET',
  url: '/dashboard/alerts',
  statusCode: 401,
  duration: '0ms',
  ip: '127.0.0.1',
  level: 'info',
  message: 'Request',
  timestamp: '2026-09-05 20:32:15'
}
{
  service: 'attendance-system',
  method: 'GET',
  url: '/dashboard/attendance-overview?period=2026-09',
  statusCode: 401,
  duration: '1ms',
  ip: '127.0.0.1',
  level: 'info',
  message: 'Request',
  timestamp: '2026-09-05 20:32:15'
}
{
  service: 'attendance-system',
  method: 'GET',
  url: '/dashboard/timeoff-overview?period=2026-09',
  statusCode: 401,
  duration: '1ms',
  ip: '127.0.0.1',
  level: 'info',
  message: 'Request',
  timestamp: '2026-09-05 20:32:15'
}
{
  service: 'attendance-system',
  method: 'GET',
  url: '/analytics/monthly-context-settings',
  statusCode: 404,
  duration: '1ms',
  ip: '127.0.0.1',
  level: 'info',
  message: 'Request',
  timestamp: '2026-09-05 20:38:30'
}
{
  service: 'attendance-system',
  method: 'GET',
  url: '/analytics/monthly-context-settings',
  statusCode: 404,
  duration: '1ms',
  ip: '127.0.0.1',
  level: 'info',
  message: 'Request',
  timestamp: '2026-09-05 20:38:30'
}
{
  service: 'attendance-system',
  method: 'GET',
  url: '/analytics/monthly-context-settings',
  statusCode: 404,
  duration: '1ms',
  ip: '127.0.0.1',
  level: 'info',
  message: 'Request',
  timestamp: '2026-09-05 20:38:30'
}
{
  service: 'attendance-system',
  method: 'GET',
  url: '/analytics/monthly-context-settings',
  statusCode: 404,
  duration: '1ms',
  ip: '127.0.0.1',
  level: 'info',
  message: 'Request',
  timestamp: '2026-09-05 20:38:30'
}
{
  service: 'attendance-system',
  method: 'GET',
  url: '/dashboard/kpis?period=2026-09',
  statusCode: 401,
  duration: '0ms',
  ip: '127.0.0.1',
  level: 'info',
  message: 'Request',
  timestamp: '2026-09-05 20:38:46'
}
{
  service: 'attendance-system',
  method: 'GET',
  url: '/dashboard/salary-by-department?period=2026-09',
  statusCode: 401,
  duration: '1ms',
  ip: '127.0.0.1',
  level: 'info',
  message: 'Request',
  timestamp: '2026-09-05 20:38:46'
}
{
  service: 'attendance-system',
  method: 'GET',
  url: '/dashboard/monthly-trend?months=6',
  statusCode: 401,
  duration: '0ms',
  ip: '127.0.0.1',
  level: 'info',
  message: 'Request',
  timestamp: '2026-09-05 20:38:46'
}
{
  service: 'attendance-system',
  method: 'GET',
  url: '/dashboard/alerts',
  statusCode: 401,
  duration: '1ms',
  ip: '127.0.0.1',
  level: 'info',
  message: 'Request',
  timestamp: '2026-09-05 20:38:46'
}
{
  service: 'attendance-system',
  method: 'GET',
  url: '/dashboard/attendance-overview?period=2026-09',
  statusCode: 401,
  duration: '1ms',
  ip: '127.0.0.1',
  level: 'info',
  message: 'Request',
  timestamp: '2026-09-05 20:38:46'
}
{
  service: 'attendance-system',
  method: 'GET',
  url: '/dashboard/timeoff-overview?period=2026-09',
  statusCode: 401,
  duration: '0ms',
  ip: '127.0.0.1',
  level: 'info',
  message: 'Request',
  timestamp: '2026-09-05 20:38:46'
}
{
  service: 'attendance-system',
  method: 'GET',
  url: '/dashboard/kpis?period=2026-09',
  statusCode: 401,
  duration: '1ms',
  ip: '127.0.0.1',
  level: 'info',
  message: 'Request',
  timestamp: '2026-09-05 20:38:46'
}
{
  service: 'attendance-system',
  method: 'GET',
  url: '/dashboard/salary-by-department?period=2026-09',
  statusCode: 401,
  duration: '1ms',
  ip: '127.0.0.1',
  level: 'info',
  message: 'Request',
  timestamp: '2026-09-05 20:38:46'
}
{
  service: 'attendance-system',
  method: 'GET',
  url: '/dashboard/monthly-trend?months=6',
  statusCode: 401,
  duration: '1ms',
  ip: '127.0.0.1',
  level: 'info',
  message: 'Request',
  timestamp: '2026-09-05 20:38:46'
}
{
  service: 'attendance-system',
  method: 'GET',
  url: '/dashboard/alerts',
  statusCode: 401,
  duration: '0ms',
  ip: '127.0.0.1',
  level: 'info',
  message: 'Request',
  timestamp: '2026-09-05 20:38:46'
}
{
  service: 'attendance-system',
  method: 'GET',
  url: '/dashboard/attendance-overview?period=2026-09',
  statusCode: 401,
  duration: '0ms',
  ip: '127.0.0.1',
  level: 'info',
  message: 'Request',
  timestamp: '2026-09-05 20:38:46'
}
{
  service: 'attendance-system',
  method: 'GET',
  url: '/dashboard/timeoff-overview?period=2026-09',
  statusCode: 401,
  duration: '0ms',
  ip: '127.0.0.1',
  level: 'info',
  message: 'Request',
  timestamp: '2026-09-05 20:38:46'
}
{
  service: 'attendance-system',
  method: 'GET',
  url: '/dashboard/kpis?period=2026-09',
  statusCode: 401,
  duration: '1ms',
  ip: '127.0.0.1',
  level: 'info',
  message: 'Request',
  timestamp: '2026-09-05 20:38:58'
}
{
  service: 'attendance-system',
  method: 'GET',
  url: '/dashboard/salary-by-department?period=2026-09',
  statusCode: 401,
  duration: '0ms',
  ip: '127.0.0.1',
  level: 'info',
  message: 'Request',
  timestamp: '2026-09-05 20:38:58'
}
{
  service: 'attendance-system',
  method: 'GET',
  url: '/dashboard/monthly-trend?months=6',
  statusCode: 401,
  duration: '0ms',
  ip: '127.0.0.1',
  level: 'info',
  message: 'Request',
  timestamp: '2026-09-05 20:38:58'
}
{
  service: 'attendance-system',
  method: 'GET',
  url: '/dashboard/alerts',
  statusCode: 401,
  duration: '0ms',
  ip: '127.0.0.1',
  level: 'info',
  message: 'Request',
  timestamp: '2026-09-05 20:38:58'
}
{
  service: 'attendance-system',
  method: 'GET',
  url: '/dashboard/attendance-overview?period=2026-09',
  statusCode: 401,
  duration: '0ms',
  ip: '127.0.0.1',
  level: 'info',
  message: 'Request',
  timestamp: '2026-09-05 20:38:58'
}
{
  service: 'attendance-system',
  method: 'GET',
  url: '/dashboard/timeoff-overview?period=2026-09',
  statusCode: 401,
  duration: '1ms',
  ip: '127.0.0.1',
  level: 'info',
  message: 'Request',
  timestamp: '2026-09-05 20:38:58'
}
{
  service: 'attendance-system',
  method: 'GET',
  url: '/dashboard/kpis?period=2026-09',
  statusCode: 401,
  duration: '0ms',
  ip: '127.0.0.1',
  level: 'info',
  message: 'Request',
  timestamp: '2026-09-05 20:38:58'
}
{
  service: 'attendance-system',
  method: 'GET',
  url: '/dashboard/salary-by-department?period=2026-09',
  statusCode: 401,
  duration: '1ms',
  ip: '127.0.0.1',
  level: 'info',
  message: 'Request',
  timestamp: '2026-09-05 20:38:58'
}
{
  service: 'attendance-system',
  method: 'GET',
  url: '/dashboard/monthly-trend?months=6',
  statusCode: 401,
  duration: '0ms',
  ip: '127.0.0.1',
  level: 'info',
  message: 'Request',
  timestamp: '2026-09-05 20:38:58'
}
{
  service: 'attendance-system',
  method: 'GET',
  url: '/dashboard/alerts',
  statusCode: 401,
  duration: '0ms',
  ip: '127.0.0.1',
  level: 'info',
  message: 'Request',
  timestamp: '2026-09-05 20:38:58'
}
{
  service: 'attendance-system',
  method: 'GET',
  url: '/dashboard/attendance-overview?period=2026-09',
  statusCode: 401,
  duration: '0ms',
  ip: '127.0.0.1',
  level: 'info',
  message: 'Request',
  timestamp: '2026-09-05 20:38:58'
}
{
  service: 'attendance-system',
  method: 'GET',
  url: '/dashboard/timeoff-overview?period=2026-09',
  statusCode: 401,
  duration: '0ms',
  ip: '127.0.0.1',
  level: 'info',
  message: 'Request',
  timestamp: '2026-09-05 20:38:58'
}
{
  service: 'attendance-system',
  method: 'GET',
  url: '/dashboard/kpis?period=2026-09',
  statusCode: 401,
  duration: '0ms',
  ip: '127.0.0.1',
  level: 'info',
  message: 'Request',
  timestamp: '2026-09-05 20:42:04'
}
{
  service: 'attendance-system',
  method: 'GET',
  url: '/dashboard/salary-by-department?period=2026-09',
  statusCode: 401,
  duration: '0ms',
  ip: '127.0.0.1',
  level: 'info',
  message: 'Request',
  timestamp: '2026-09-05 20:42:04'
}
{
  service: 'attendance-system',
  method: 'GET',
  url: '/dashboard/monthly-trend?months=6',
  statusCode: 401,
  duration: '1ms',
  ip: '127.0.0.1',
  level: 'info',
  message: 'Request',
  timestamp: '2026-09-05 20:42:04'
}
{
  service: 'attendance-system',
  method: 'GET',
  url: '/dashboard/alerts',
  statusCode: 401,
  duration: '0ms',
  ip: '127.0.0.1',
  level: 'info',
  message: 'Request',
  timestamp: '2026-09-05 20:42:04'
}
{
  service: 'attendance-system',
  method: 'GET',
  url: '/dashboard/attendance-overview?period=2026-09',
  statusCode: 401,
  duration: '1ms',
  ip: '127.0.0.1',
  level: 'info',
  message: 'Request',
  timestamp: '2026-09-05 20:42:04'
}
{
  service: 'attendance-system',
  method: 'GET',
  url: '/dashboard/timeoff-overview?period=2026-09',
  statusCode: 401,
  duration: '0ms',
  ip: '127.0.0.1',
  level: 'info',
  message: 'Request',
  timestamp: '2026-09-05 20:42:04'
}
{
  service: 'attendance-system',
  method: 'GET',
  url: '/dashboard/kpis?period=2026-09',
  statusCode: 401,
  duration: '0ms',
  ip: '127.0.0.1',
  level: 'info',
  message: 'Request',
  timestamp: '2026-09-05 20:42:04'
}
{
  service: 'attendance-system',
  method: 'GET',
  url: '/dashboard/salary-by-department?period=2026-09',
  statusCode: 401,
  duration: '0ms',
  ip: '127.0.0.1',
  level: 'info',
  message: 'Request',
  timestamp: '2026-09-05 20:42:04'
}
{
  service: 'attendance-system',
  method: 'GET',
  url: '/dashboard/monthly-trend?months=6',
  statusCode: 401,
  duration: '0ms',
  ip: '127.0.0.1',
  level: 'info',
  message: 'Request',
  timestamp: '2026-09-05 20:42:04'
}
{
  service: 'attendance-system',
  method: 'GET',
  url: '/dashboard/alerts',
  statusCode: 401,
  duration: '0ms',
  ip: '127.0.0.1',
  level: 'info',
  message: 'Request',
  timestamp: '2026-09-05 20:42:04'
}
{
  service: 'attendance-system',
  method: 'GET',
  url: '/dashboard/attendance-overview?period=2026-09',
  statusCode: 401,
  duration: '0ms',
  ip: '127.0.0.1',
  level: 'info',
  message: 'Request',
  timestamp: '2026-09-05 20:42:04'
}
{
  service: 'attendance-system',
  method: 'GET',
  url: '/dashboard/timeoff-overview?period=2026-09',
  statusCode: 401,
  duration: '1ms',
  ip: '127.0.0.1',
  level: 'info',
  message: 'Request',
  timestamp: '2026-09-05 20:42:04'
}
{
  service: 'attendance-system',
  method: 'GET',
  url: '/api/payroll/dashboard/kpis?period=2026-09&_t=1788621205954',
  statusCode: 404,
  duration: '0ms',
  ip: '127.0.0.1',
  level: 'info',
  message: 'Request',
  timestamp: '2026-09-05 20:43:25'
}
{
  service: 'attendance-system',
  method: 'GET',
  url: '/api/payroll/dashboard/salary-by-department?period=2026-09&_t=1788621205954',
  statusCode: 404,
  duration: '0ms',
  ip: '127.0.0.1',
  level: 'info',
  message: 'Request',
  timestamp: '2026-09-05 20:43:25'
}
{
  service: 'attendance-system',
  method: 'GET',
  url: '/api/payroll/dashboard/monthly-trend?months=6&_t=1788621205954',
  statusCode: 404,
  duration: '0ms',
  ip: '127.0.0.1',
  level: 'info',
  message: 'Request',
  timestamp: '2026-09-05 20:43:25'
}
{
  service: 'attendance-system',
  method: 'GET',
  url: '/api/payroll/dashboard/alerts?_t=1788621205954',
  statusCode: 404,
  duration: '0ms',
  ip: '127.0.0.1',
  level: 'info',
  message: 'Request',
  timestamp: '2026-09-05 20:43:25'
}
{
  service: 'attendance-system',
  method: 'GET',
  url: '/api/payroll/dashboard/attendance-overview?period=2026-09&_t=1788621205954',
  statusCode: 404,
  duration: '0ms',
  ip: '127.0.0.1',
  level: 'info',
  message: 'Request',
  timestamp: '2026-09-05 20:43:25'
}
{
  service: 'attendance-system',
  method: 'GET',
  url: '/api/payroll/dashboard/timeoff-overview?period=2026-09&_t=1788621205954',
  statusCode: 404,
  duration: '0ms',
  ip: '127.0.0.1',
  level: 'info',
  message: 'Request',
  timestamp: '2026-09-05 20:43:25'
}
{
  service: 'attendance-system',
  method: 'GET',
  url: '/api/payroll/dashboard/kpis?period=2026-09&_t=1788621256703',
  statusCode: 404,
  duration: '1ms',
  ip: '127.0.0.1',
  level: 'info',
  message: 'Request',
  timestamp: '2026-09-05 20:44:16'
}
{
  service: 'attendance-system',
  method: 'GET',
  url: '/api/payroll/dashboard/salary-by-department?period=2026-09&_t=1788621256703',
  statusCode: 404,
  duration: '0ms',
  ip: '127.0.0.1',
  level: 'info',
  message: 'Request',
  timestamp: '2026-09-05 20:44:16'
}
{
  service: 'attendance-system',
  method: 'GET',
  url: '/api/payroll/dashboard/monthly-trend?months=6&_t=1788621256703',
  statusCode: 404,
  duration: '0ms',
  ip: '127.0.0.1',
  level: 'info',
  message: 'Request',
  timestamp: '2026-09-05 20:44:16'
}
{
  service: 'attendance-system',
  method: 'GET',
  url: '/api/payroll/dashboard/alerts?_t=1788621256703',
  statusCode: 404,
  duration: '1ms',
  ip: '127.0.0.1',
  level: 'info',
  message: 'Request',
  timestamp: '2026-09-05 20:44:16'
}
{
  service: 'attendance-system',
  method: 'GET',
  url: '/api/payroll/dashboard/attendance-overview?period=2026-09&_t=1788621256703',
  statusCode: 404,
  duration: '0ms',
  ip: '127.0.0.1',
  level: 'info',
  message: 'Request',
  timestamp: '2026-09-05 20:44:16'
}
{
  service: 'attendance-system',
  method: 'GET',
  url: '/api/payroll/dashboard/timeoff-overview?period=2026-09&_t=1788621256703',
  statusCode: 404,
  duration: '0ms',
  ip: '127.0.0.1',
  level: 'info',
  message: 'Request',
  timestamp: '2026-09-05 20:44:16'
}
{
  service: 'attendance-system',
  method: 'GET',
  url: '/api/payroll/dashboard/kpis?period=2026-09&_t=1788621256703',
  statusCode: 404,
  duration: '0ms',
  ip: '127.0.0.1',
  level: 'info',
  message: 'Request',
  timestamp: '2026-09-05 20:44:16'
}
{
  service: 'attendance-system',
  method: 'GET',
  url: '/api/payroll/dashboard/salary-by-department?period=2026-09&_t=1788621256703',
  statusCode: 404,
  duration: '1ms',
  ip: '127.0.0.1',
  level: 'info',
  message: 'Request',
  timestamp: '2026-09-05 20:44:16'
}
{
  service: 'attendance-system',
  method: 'GET',
  url: '/api/payroll/dashboard/monthly-trend?months=6&_t=1788621256703',
  statusCode: 404,
  duration: '0ms',
  ip: '127.0.0.1',
  level: 'info',
  message: 'Request',
  timestamp: '2026-09-05 20:44:16'
}
{
  service: 'attendance-system',
  method: 'GET',
  url: '/api/payroll/dashboard/alerts?_t=1788621256703',
  statusCode: 404,
  duration: '1ms',
  ip: '127.0.0.1',
  level: 'info',
  message: 'Request',
  timestamp: '2026-09-05 20:44:16'
}
{
  service: 'attendance-system',
  method: 'GET',
  url: '/api/payroll/dashboard/attendance-overview?period=2026-09&_t=1788621256703',
  statusCode: 404,
  duration: '0ms',
  ip: '127.0.0.1',
  level: 'info',
  message: 'Request',
  timestamp: '2026-09-05 20:44:16'
}
{
  service: 'attendance-system',
  method: 'GET',
  url: '/api/payroll/dashboard/timeoff-overview?period=2026-09&_t=1788621256703',
  statusCode: 404,
  duration: '1ms',
  ip: '127.0.0.1',
  level: 'info',
  message: 'Request',
  timestamp: '2026-09-05 20:44:16'
}
{
  service: 'attendance-system',
  method: 'GET',
  url: '/api/payroll/payruns?page=1&limit=10&_t=1788622321475',
  statusCode: 404,
  duration: '1ms',
  ip: '127.0.0.1',
  level: 'info',
  message: 'Request',
  timestamp: '2026-09-05 21:02:01'
}
{
  service: 'attendance-system',
  method: 'GET',
  url: '/api/payroll/payruns?page=1&limit=10&_t=1788622321475',
  statusCode: 404,
  duration: '0ms',
  ip: '127.0.0.1',
  level: 'info',
  message: 'Request',
  timestamp: '2026-09-05 21:02:01'
}
{
  service: 'attendance-system',
  method: 'GET',
  url: '/api/payroll/payruns?page=1&limit=10&_t=1788622332102',
  statusCode: 404,
  duration: '0ms',
  ip: '127.0.0.1',
  level: 'info',
  message: 'Request',
  timestamp: '2026-09-05 21:02:12'
}
{
  service: 'attendance-system',
  method: 'GET',
  url: '/api/payroll/payruns?page=1&limit=10&_t=1788622332102',
  statusCode: 404,
  duration: '0ms',
  ip: '127.0.0.1',
  level: 'info',
  message: 'Request',
  timestamp: '2026-09-05 21:02:12'
}
